
> lead_portal@0.1.0 build
> next build

Γû▓ Next.js 16.1.3 (Turbopack)
- Environments: .env.local

node.exe : ΓÜá The "middleware" file 
convention is deprecated. Please use 
"proxy" instead. Learn more: https://nex
tjs.org/docs/messages/middleware-to-prox
y
At line:1 char:1
+ & "C:\Program Files\nodejs/node.exe" 
"C:\Program Files\nodejs/node_mo ...
+ ~~~~~~~~~~~~~~~~~~~~~~~~~~~~~~~~~~~~~~
~~~~~~~~~~~~~~~~~~~~~~~~~~~~~~~
    + CategoryInfo          : 
NotSpecified    : (ΓÜá The 
"middle...leware-to-proxy:S    tring) 
[], RemoteException
    + FullyQualifiedErrorId : 
NativeComman    dError
 
  Creating an optimized production build ...

> Build error occurred
Error: Turbopack build failed with 1 
errors:
./app/[market]/guides/[slug]/page.js:6:1
Module not found: Can't resolve 
'../../../context/MarketContext'
[0m [90m 4 |[39m [36mimport[39m { 
use } [36mfrom[39m 
[32m'react'[39m[33m;[39m
 [90m 5 |[39m
[31m[1m>[22m[39m[90m 6 |[39m 
[36mimport[39m { useMarket } 
[36mfrom[39m [32m'../../../context/Ma
rketContext'[39m[33m;[39m
 [90m   |[39m [31m[1m^[22m[39m[31
m[1m^[22m[39m[31m[1m^[22m[39m[31
m[1m^[22m[39m[31m[1m^[22m[39m[31
m[1m^[22m[39m[31m[1m^[22m[39m[31
m[1m^[22m[39m[31m[1m^[22m[39m[31
m[1m^[22m[39m[31m[1m^[22m[39m[31
m[1m^[22m[39m[31m[1m^[22m[39m[31
m[1m^[22m[39m[31m[1m^[22m[39m[31
m[1m^[22m[39m[31m[1m^[22m[39m[31
m[1m^[22m[39m[31m[1m^[22m[39m[31
m[1m^[22m[39m[31m[1m^[22m[39m[31
m[1m^[22m[39m[31m[1m^[22m[39m[31
m[1m^[22m[39m[31m[1m^[22m[39m[31
m[1m^[22m[39m[31m[1m^[22m[39m[31
m[1m^[22m[39m[31m[1m^[22m[39m[31
m[1m^[22m[39m[31m[1m^[22m[39m[31
m[1m^[22m[39m[31m[1m^[22m[39m[31
m[1m^[22m[39m[31m[1m^[22m[39m[31
m[1m^[22m[39m[31m[1m^[22m[39m[31
m[1m^[22m[39m[31m[1m^[22m[39m[31
m[1m^[22m[39m[31m[1m^[22m[39m[31
m[1m^[22m[39m[31m[1m^[22m[39m[31
m[1m^[22m[39m[31m[1m^[22m[39m[31
m[1m^[22m[39m[31m[1m^[22m[39m[31
m[1m^[22m[39m[31m[1m^[22m[39m[31
m[1m^[22m[39m[31m[1m^[22m[39m[31
m[1m^[22m[39m[31m[1m^[22m[39m[31
m[1m^[22m[39m[31m[1m^[22m[39m[31
m[1m^[22m[39m[31m[1m^[22m[39m[31
m[1m^[22m[39m[31m[1m^[22m[39m
 [90m 7 |[39m
 [90m 8 |[39m [36mexport[39m 
[36mdefault[39m [36mfunction[39m 
[33mGuidePage[39m({ params }) {
 [90m 9 |[39m     [36mconst[39m { 
slug } [33m=[39m 
use(params)[33m;[39m[0m



Import traces:
  Client Component Browser:
    
./app/[market]/guides/[slug]/page.js 
[Client Component Browser]
    
./app/[market]/guides/[slug]/page.js 
[Server Component]

  Client Component SSR:
    
./app/[market]/guides/[slug]/page.js 
[Client Component SSR]
    
./app/[market]/guides/[slug]/page.js 
[Server Component]

https://nextjs.org/docs/messages/module-
not-found


    at <unknown> (./app/[market]/guides/
[slug]/page.js:6:1)
    at <unknown> (https://nextjs.org/doc
s/messages/module-not-found)
